// Jest Snapshot v1, https://goo.gl/fbAQLP

exports[`Greeting.vue matches snapshot 1`] = `
<div class="greeting block">
  <div class="title">
    <h1>Hey there,
      <img src="../assets/images/v.png">
    </h1>
    <h2>
      My name is <strong>Bob</strong> and I am a Software Engineer. I have 8+ years of experience in software development. As a team lead, I take the responsibility for providing guidance, instruction, direction, and leadership to the team for the purpose
      of reaching the business goals and achieving successful results.
    </h2>
  </div>
</div>
`;
